{
    "Should run without failures": {
        "content": [
            "versions.yml:md5,9c396a3750ef949fbfdfa0b40ca5bc15"
        ],
        "timestamp": "2023-02-28T16:49:27+0000"
    }
}